// Jest Snapshot v1, https://goo.gl/fbAQLP

exports[`DetailsPane Snapshot Testing Required Props 1`] = `
<Fragment>
  <ForwardRef(Popper)
    anchorEl={<body />}
    className="makeStyles-root-1"
    disablePortal={true}
    modifiers={
      Object {
        "offset": Object {
          "enabled": true,
          "offset": "154px, -95.5vh",
        },
      }
    }
    open={true}
    placement="top-start"
    transition={true}
  >
    <Component />
  </ForwardRef(Popper)>
</Fragment>
`;
