// Jest Snapshot v1, https://goo.gl/fbAQLP

exports[`TreeDrawerHeader Snapshot Testing Required Props 1`] = `
<Fragment>
  <WithStyles(ForwardRef(List))>
    <WithStyles(ForwardRef(ListItem))
      button={true}
      classes={
        Object {
          "root": "makeStyles-closeListItem-6",
        }
      }
      disableGutters={true}
      onClick={[MockFunction]}
    >
      <WithStyles(ForwardRef(Grid))
        alignContent="stretch"
        alignItems="center"
        container={true}
        direction="row"
        justify="space-between"
        spacing={0}
        wrap="nowrap"
      >
        <When
          condition={true}
        >
          <WithStyles(ForwardRef(Grid))
            item={true}
            xs={1}
          />
          <WithStyles(ForwardRef(Grid))
            classes={
              Object {
                "root": "makeStyles-treeDropdownGrid-1",
              }
            }
            item={true}
            xs={8}
          >
            <WithStyles(ForwardRef(ListItemText))
              disableTypography={true}
              primary={
                <Memo
                  content={
                    <WithStyles(ForwardRef(Paper))
                      elevation={2}
                    >
                      <WithStyles(ForwardRef(List))>
                        <WithStyles(ForwardRef(ListItem))
                          button={true}
                        >
                          <WithStyles(ForwardRef(ListItemIcon))>
                            <Memo(MoveToInboxIcon) />
                          </WithStyles(ForwardRef(ListItemIcon))>
                          <WithStyles(ForwardRef(ListItemText))
                            primary="Inbox"
                            primaryTypographyProps={
                              Object {
                                "color": "primary",
                                "variant": "body2",
                              }
                            }
                          />
                        </WithStyles(ForwardRef(ListItem))>
                        <WithStyles(ForwardRef(ListItem))
                          button={true}
                        >
                          <WithStyles(ForwardRef(ListItemIcon))>
                            <Memo(DraftsIcon) />
                          </WithStyles(ForwardRef(ListItemIcon))>
                          <WithStyles(ForwardRef(ListItemText))
                            primary="Drafts"
                            primaryTypographyProps={
                              Object {
                                "color": "primary",
                                "variant": "body2",
                              }
                            }
                          />
                        </WithStyles(ForwardRef(ListItem))>
                        <WithStyles(ForwardRef(ListItem))
                          button={true}
                        >
                          <WithStyles(ForwardRef(ListItemIcon))>
                            <Memo(MoveToInboxIcon) />
                          </WithStyles(ForwardRef(ListItemIcon))>
                          <WithStyles(ForwardRef(ListItemText))
                            primary="Inbox"
                            primaryTypographyProps={
                              Object {
                                "color": "primary",
                                "variant": "body2",
                              }
                            }
                          />
                        </WithStyles(ForwardRef(ListItem))>
                        <WithStyles(ForwardRef(ListItem))
                          button={true}
                        >
                          <WithStyles(ForwardRef(ListItemIcon))>
                            <Memo(DraftsIcon) />
                          </WithStyles(ForwardRef(ListItemIcon))>
                          <WithStyles(ForwardRef(ListItemText))
                            primary="Drafts"
                            primaryTypographyProps={
                              Object {
                                "color": "primary",
                                "variant": "body2",
                              }
                            }
                          />
                        </WithStyles(ForwardRef(ListItem))>
                        <WithStyles(ForwardRef(ListItem))
                          button={true}
                        >
                          <WithStyles(ForwardRef(ListItemIcon))>
                            <Memo(MoveToInboxIcon) />
                          </WithStyles(ForwardRef(ListItemIcon))>
                          <WithStyles(ForwardRef(ListItemText))
                            primary="Inbox"
                            primaryTypographyProps={
                              Object {
                                "color": "primary",
                                "variant": "body2",
                              }
                            }
                          />
                        </WithStyles(ForwardRef(ListItem))>
                        <WithStyles(ForwardRef(ListItem))
                          button={true}
                        >
                          <WithStyles(ForwardRef(ListItemIcon))>
                            <Memo(DraftsIcon) />
                          </WithStyles(ForwardRef(ListItemIcon))>
                          <WithStyles(ForwardRef(ListItemText))
                            primary="Drafts"
                            primaryTypographyProps={
                              Object {
                                "color": "primary",
                                "variant": "body2",
                              }
                            }
                          />
                        </WithStyles(ForwardRef(ListItem))>
                        <WithStyles(ForwardRef(ListItem))
                          button={true}
                        >
                          <WithStyles(ForwardRef(ListItemIcon))>
                            <Memo(MoveToInboxIcon) />
                          </WithStyles(ForwardRef(ListItemIcon))>
                          <WithStyles(ForwardRef(ListItemText))
                            primary="Inbox"
                            primaryTypographyProps={
                              Object {
                                "color": "primary",
                                "variant": "body2",
                              }
                            }
                          />
                        </WithStyles(ForwardRef(ListItem))>
                        <WithStyles(ForwardRef(ListItem))
                          button={true}
                        >
                          <WithStyles(ForwardRef(ListItemIcon))>
                            <Memo(DraftsIcon) />
                          </WithStyles(ForwardRef(ListItemIcon))>
                          <WithStyles(ForwardRef(ListItemText))
                            primary="Drafts"
                            primaryTypographyProps={
                              Object {
                                "color": "primary",
                                "variant": "body2",
                              }
                            }
                          />
                        </WithStyles(ForwardRef(ListItem))>
                        <WithStyles(ForwardRef(ListItem))
                          button={true}
                        >
                          <WithStyles(ForwardRef(ListItemIcon))>
                            <Memo(MoveToInboxIcon) />
                          </WithStyles(ForwardRef(ListItemIcon))>
                          <WithStyles(ForwardRef(ListItemText))
                            primary="Inbox"
                            primaryTypographyProps={
                              Object {
                                "color": "primary",
                                "variant": "body2",
                              }
                            }
                          />
                        </WithStyles(ForwardRef(ListItem))>
                        <WithStyles(ForwardRef(ListItem))
                          button={true}
                        >
                          <WithStyles(ForwardRef(ListItemIcon))>
                            <Memo(DraftsIcon) />
                          </WithStyles(ForwardRef(ListItemIcon))>
                          <WithStyles(ForwardRef(ListItemText))
                            primary="Drafts"
                            primaryTypographyProps={
                              Object {
                                "color": "primary",
                                "variant": "body2",
                              }
                            }
                          />
                        </WithStyles(ForwardRef(ListItem))>
                        <WithStyles(ForwardRef(ListItem))
                          button={true}
                        >
                          <WithStyles(ForwardRef(ListItemIcon))>
                            <Memo(MoveToInboxIcon) />
                          </WithStyles(ForwardRef(ListItemIcon))>
                          <WithStyles(ForwardRef(ListItemText))
                            primary="Inbox"
                            primaryTypographyProps={
                              Object {
                                "color": "primary",
                                "variant": "body2",
                              }
                            }
                          />
                        </WithStyles(ForwardRef(ListItem))>
                        <WithStyles(ForwardRef(ListItem))
                          button={true}
                        >
                          <WithStyles(ForwardRef(ListItemIcon))>
                            <Memo(DraftsIcon) />
                          </WithStyles(ForwardRef(ListItemIcon))>
                          <WithStyles(ForwardRef(ListItemText))
                            primary="Drafts"
                            primaryTypographyProps={
                              Object {
                                "color": "primary",
                                "variant": "body2",
                              }
                            }
                          />
                        </WithStyles(ForwardRef(ListItem))>
                        <WithStyles(ForwardRef(ListItem))
                          button={true}
                        >
                          <WithStyles(ForwardRef(ListItemIcon))>
                            <Memo(MoveToInboxIcon) />
                          </WithStyles(ForwardRef(ListItemIcon))>
                          <WithStyles(ForwardRef(ListItemText))
                            primary="Inbox"
                            primaryTypographyProps={
                              Object {
                                "color": "primary",
                                "variant": "body2",
                              }
                            }
                          />
                        </WithStyles(ForwardRef(ListItem))>
                        <WithStyles(ForwardRef(ListItem))
                          button={true}
                        >
                          <WithStyles(ForwardRef(ListItemIcon))>
                            <Memo(DraftsIcon) />
                          </WithStyles(ForwardRef(ListItemIcon))>
                          <WithStyles(ForwardRef(ListItemText))
                            primary="Drafts"
                            primaryTypographyProps={
                              Object {
                                "color": "primary",
                                "variant": "body2",
                              }
                            }
                          />
                        </WithStyles(ForwardRef(ListItem))>
                        <WithStyles(ForwardRef(ListItem))
                          button={true}
                        >
                          <WithStyles(ForwardRef(ListItemIcon))>
                            <Memo(MoveToInboxIcon) />
                          </WithStyles(ForwardRef(ListItemIcon))>
                          <WithStyles(ForwardRef(ListItemText))
                            primary="Inbox"
                            primaryTypographyProps={
                              Object {
                                "color": "primary",
                                "variant": "body2",
                              }
                            }
                          />
                        </WithStyles(ForwardRef(ListItem))>
                        <WithStyles(ForwardRef(ListItem))
                          button={true}
                        >
                          <WithStyles(ForwardRef(ListItemIcon))>
                            <Memo(DraftsIcon) />
                          </WithStyles(ForwardRef(ListItemIcon))>
                          <WithStyles(ForwardRef(ListItemText))
                            primary="Drafts"
                            primaryTypographyProps={
                              Object {
                                "color": "primary",
                                "variant": "body2",
                              }
                            }
                          />
                        </WithStyles(ForwardRef(ListItem))>
                        <WithStyles(ForwardRef(ListItem))
                          button={true}
                        >
                          <WithStyles(ForwardRef(ListItemIcon))>
                            <Memo(MoveToInboxIcon) />
                          </WithStyles(ForwardRef(ListItemIcon))>
                          <WithStyles(ForwardRef(ListItemText))
                            primary="Inbox"
                            primaryTypographyProps={
                              Object {
                                "color": "primary",
                                "variant": "body2",
                              }
                            }
                          />
                        </WithStyles(ForwardRef(ListItem))>
                        <WithStyles(ForwardRef(ListItem))
                          button={true}
                        >
                          <WithStyles(ForwardRef(ListItemIcon))>
                            <Memo(DraftsIcon) />
                          </WithStyles(ForwardRef(ListItemIcon))>
                          <WithStyles(ForwardRef(ListItemText))
                            primary="Drafts"
                            primaryTypographyProps={
                              Object {
                                "color": "primary",
                                "variant": "body2",
                              }
                            }
                          />
                        </WithStyles(ForwardRef(ListItem))>
                        <WithStyles(ForwardRef(ListItem))
                          button={true}
                        >
                          <WithStyles(ForwardRef(ListItemIcon))>
                            <Memo(MoveToInboxIcon) />
                          </WithStyles(ForwardRef(ListItemIcon))>
                          <WithStyles(ForwardRef(ListItemText))
                            primary="Inbox"
                            primaryTypographyProps={
                              Object {
                                "color": "primary",
                                "variant": "body2",
                              }
                            }
                          />
                        </WithStyles(ForwardRef(ListItem))>
                        <WithStyles(ForwardRef(ListItem))
                          button={true}
                        >
                          <WithStyles(ForwardRef(ListItemIcon))>
                            <Memo(DraftsIcon) />
                          </WithStyles(ForwardRef(ListItemIcon))>
                          <WithStyles(ForwardRef(ListItemText))
                            primary="Drafts"
                            primaryTypographyProps={
                              Object {
                                "color": "primary",
                                "variant": "body2",
                              }
                            }
                          />
                        </WithStyles(ForwardRef(ListItem))>
                        <WithStyles(ForwardRef(ListItem))
                          button={true}
                        >
                          <WithStyles(ForwardRef(ListItemIcon))>
                            <Memo(MoveToInboxIcon) />
                          </WithStyles(ForwardRef(ListItemIcon))>
                          <WithStyles(ForwardRef(ListItemText))
                            primary="Inbox"
                            primaryTypographyProps={
                              Object {
                                "color": "primary",
                                "variant": "body2",
                              }
                            }
                          />
                        </WithStyles(ForwardRef(ListItem))>
                      </WithStyles(ForwardRef(List))>
                    </WithStyles(ForwardRef(Paper))>
                  }
                  currentDropdownValue="THREE"
                  dropdownValues={
                    Array [
                      Object {
                        "label": "ONE",
                        "value": "ONE",
                      },
                      Object {
                        "label": "TWO",
                        "value": "TWO",
                      },
                      Object {
                        "label": "THREE",
                        "value": "THREE",
                      },
                      Object {
                        "label": "FOUR",
                        "value": "FOUR",
                      },
                      Object {
                        "label": "FIVE",
                        "value": "FIVE",
                      },
                      Object {
                        "label": "SIX",
                        "value": "SIX",
                      },
                    ]
                  }
                  hanbdleDropdownChange={
                    [MockFunction] {
                      "calls": Array [
                        Array [
                          Object {
                            "preventDefault": [MockFunction] {
                              "calls": Array [
                                Array [],
                              ],
                              "results": Array [
                                Object {
                                  "type": "return",
                                  "value": undefined,
                                },
                              ],
                            },
                            "stopPropagation": [MockFunction] {
                              "calls": Array [
                                Array [],
                              ],
                              "results": Array [
                                Object {
                                  "type": "return",
                                  "value": undefined,
                                },
                              ],
                            },
                            "target": Object {
                              "value": "TWO",
                            },
                          },
                        ],
                      ],
                      "results": Array [
                        Object {
                          "type": "return",
                          "value": undefined,
                        },
                      ],
                    }
                  }
                  minWidth={400}
                  onBorderDrag={[MockFunction]}
                  open={true}
                  toggleDrawer={[MockFunction]}
                  tooltipText="Hier kunt u andere type bomen selecteren. Druk op het menu links van deze knop en selecteer dan uw gewenste boom type."
                  width={240}
                />
              }
            />
          </WithStyles(ForwardRef(Grid))>
          <WithStyles(ForwardRef(Grid))
            item={true}
            xs={1}
          >
            <Memo()
              title="Hier kunt u andere type bomen selecteren. Druk op het menu links van deze knop en selecteer dan uw gewenste boom type."
            >
              <WithStyles(ForwardRef(IconButton))
                classes={
                  Object {
                    "root": "makeStyles-treeInfoButton-5",
                  }
                }
                color="primary"
                size="small"
              >
                <InfoIcon
                  className="makeStyles-smallInfoButton-4"
                />
              </WithStyles(ForwardRef(IconButton))>
            </Memo()>
          </WithStyles(ForwardRef(Grid))>
        </When>
        <WithStyles(ForwardRef(Grid))
          classes={
            Object {
              "root": "makeStyles-treeDrawerCloseIcon-3",
            }
          }
          item={true}
          xs={1}
        >
          <WithStyles(ForwardRef(ListItemIcon))>
            <If
              condition={true}
            >
              <Then>
                <ArrowBackIcon
                  color="primary"
                />
              </Then>
              <Else>
                <ArrowForwardIcon
                  color="primary"
                />
              </Else>
            </If>
          </WithStyles(ForwardRef(ListItemIcon))>
        </WithStyles(ForwardRef(Grid))>
      </WithStyles(ForwardRef(Grid))>
    </WithStyles(ForwardRef(ListItem))>
  </WithStyles(ForwardRef(List))>
  <WithStyles(ForwardRef(Divider))
    classes={
      Object {
        "root": "makeStyles-divider-7",
      }
    }
  />
</Fragment>
`;
