// Jest Snapshot v1, https://goo.gl/fbAQLP

exports[`TreeDrawer Snapshot Testing Required Props 1`] = `
<WithStyles(ForwardRef(Drawer))
  className="makeStyles-treeDrawer-1 makeStyles-treeDrawerOpen-2 makeStyles-treeDrawerOpen-10"
  classes={
    Object {
      "paper": "makeStyles-drawerPaper-4 makeStyles-treeDrawerPaper-5 makeStyles-treeDrawerPaper-11 makeStyles-treeDrawerOpen-2 makeStyles-treeDrawerOpen-10",
    }
  }
  variant="permanent"
>
  <Memo()
    content={
      <WithStyles(ForwardRef(Paper))
        elevation={2}
      >
        <WithStyles(ForwardRef(List))>
          <WithStyles(ForwardRef(ListItem))
            button={true}
          >
            <WithStyles(ForwardRef(ListItemIcon))>
              <Memo(MoveToInboxIcon) />
            </WithStyles(ForwardRef(ListItemIcon))>
            <WithStyles(ForwardRef(ListItemText))
              primary="Inbox"
              primaryTypographyProps={
                Object {
                  "color": "primary",
                  "variant": "body2",
                }
              }
            />
          </WithStyles(ForwardRef(ListItem))>
          <WithStyles(ForwardRef(ListItem))
            button={true}
          >
            <WithStyles(ForwardRef(ListItemIcon))>
              <Memo(DraftsIcon) />
            </WithStyles(ForwardRef(ListItemIcon))>
            <WithStyles(ForwardRef(ListItemText))
              primary="Drafts"
              primaryTypographyProps={
                Object {
                  "color": "primary",
                  "variant": "body2",
                }
              }
            />
          </WithStyles(ForwardRef(ListItem))>
          <WithStyles(ForwardRef(ListItem))
            button={true}
          >
            <WithStyles(ForwardRef(ListItemIcon))>
              <Memo(MoveToInboxIcon) />
            </WithStyles(ForwardRef(ListItemIcon))>
            <WithStyles(ForwardRef(ListItemText))
              primary="Inbox"
              primaryTypographyProps={
                Object {
                  "color": "primary",
                  "variant": "body2",
                }
              }
            />
          </WithStyles(ForwardRef(ListItem))>
          <WithStyles(ForwardRef(ListItem))
            button={true}
          >
            <WithStyles(ForwardRef(ListItemIcon))>
              <Memo(DraftsIcon) />
            </WithStyles(ForwardRef(ListItemIcon))>
            <WithStyles(ForwardRef(ListItemText))
              primary="Drafts"
              primaryTypographyProps={
                Object {
                  "color": "primary",
                  "variant": "body2",
                }
              }
            />
          </WithStyles(ForwardRef(ListItem))>
          <WithStyles(ForwardRef(ListItem))
            button={true}
          >
            <WithStyles(ForwardRef(ListItemIcon))>
              <Memo(MoveToInboxIcon) />
            </WithStyles(ForwardRef(ListItemIcon))>
            <WithStyles(ForwardRef(ListItemText))
              primary="Inbox"
              primaryTypographyProps={
                Object {
                  "color": "primary",
                  "variant": "body2",
                }
              }
            />
          </WithStyles(ForwardRef(ListItem))>
          <WithStyles(ForwardRef(ListItem))
            button={true}
          >
            <WithStyles(ForwardRef(ListItemIcon))>
              <Memo(DraftsIcon) />
            </WithStyles(ForwardRef(ListItemIcon))>
            <WithStyles(ForwardRef(ListItemText))
              primary="Drafts"
              primaryTypographyProps={
                Object {
                  "color": "primary",
                  "variant": "body2",
                }
              }
            />
          </WithStyles(ForwardRef(ListItem))>
          <WithStyles(ForwardRef(ListItem))
            button={true}
          >
            <WithStyles(ForwardRef(ListItemIcon))>
              <Memo(MoveToInboxIcon) />
            </WithStyles(ForwardRef(ListItemIcon))>
            <WithStyles(ForwardRef(ListItemText))
              primary="Inbox"
              primaryTypographyProps={
                Object {
                  "color": "primary",
                  "variant": "body2",
                }
              }
            />
          </WithStyles(ForwardRef(ListItem))>
          <WithStyles(ForwardRef(ListItem))
            button={true}
          >
            <WithStyles(ForwardRef(ListItemIcon))>
              <Memo(DraftsIcon) />
            </WithStyles(ForwardRef(ListItemIcon))>
            <WithStyles(ForwardRef(ListItemText))
              primary="Drafts"
              primaryTypographyProps={
                Object {
                  "color": "primary",
                  "variant": "body2",
                }
              }
            />
          </WithStyles(ForwardRef(ListItem))>
          <WithStyles(ForwardRef(ListItem))
            button={true}
          >
            <WithStyles(ForwardRef(ListItemIcon))>
              <Memo(MoveToInboxIcon) />
            </WithStyles(ForwardRef(ListItemIcon))>
            <WithStyles(ForwardRef(ListItemText))
              primary="Inbox"
              primaryTypographyProps={
                Object {
                  "color": "primary",
                  "variant": "body2",
                }
              }
            />
          </WithStyles(ForwardRef(ListItem))>
          <WithStyles(ForwardRef(ListItem))
            button={true}
          >
            <WithStyles(ForwardRef(ListItemIcon))>
              <Memo(DraftsIcon) />
            </WithStyles(ForwardRef(ListItemIcon))>
            <WithStyles(ForwardRef(ListItemText))
              primary="Drafts"
              primaryTypographyProps={
                Object {
                  "color": "primary",
                  "variant": "body2",
                }
              }
            />
          </WithStyles(ForwardRef(ListItem))>
          <WithStyles(ForwardRef(ListItem))
            button={true}
          >
            <WithStyles(ForwardRef(ListItemIcon))>
              <Memo(MoveToInboxIcon) />
            </WithStyles(ForwardRef(ListItemIcon))>
            <WithStyles(ForwardRef(ListItemText))
              primary="Inbox"
              primaryTypographyProps={
                Object {
                  "color": "primary",
                  "variant": "body2",
                }
              }
            />
          </WithStyles(ForwardRef(ListItem))>
          <WithStyles(ForwardRef(ListItem))
            button={true}
          >
            <WithStyles(ForwardRef(ListItemIcon))>
              <Memo(DraftsIcon) />
            </WithStyles(ForwardRef(ListItemIcon))>
            <WithStyles(ForwardRef(ListItemText))
              primary="Drafts"
              primaryTypographyProps={
                Object {
                  "color": "primary",
                  "variant": "body2",
                }
              }
            />
          </WithStyles(ForwardRef(ListItem))>
          <WithStyles(ForwardRef(ListItem))
            button={true}
          >
            <WithStyles(ForwardRef(ListItemIcon))>
              <Memo(MoveToInboxIcon) />
            </WithStyles(ForwardRef(ListItemIcon))>
            <WithStyles(ForwardRef(ListItemText))
              primary="Inbox"
              primaryTypographyProps={
                Object {
                  "color": "primary",
                  "variant": "body2",
                }
              }
            />
          </WithStyles(ForwardRef(ListItem))>
          <WithStyles(ForwardRef(ListItem))
            button={true}
          >
            <WithStyles(ForwardRef(ListItemIcon))>
              <Memo(DraftsIcon) />
            </WithStyles(ForwardRef(ListItemIcon))>
            <WithStyles(ForwardRef(ListItemText))
              primary="Drafts"
              primaryTypographyProps={
                Object {
                  "color": "primary",
                  "variant": "body2",
                }
              }
            />
          </WithStyles(ForwardRef(ListItem))>
          <WithStyles(ForwardRef(ListItem))
            button={true}
          >
            <WithStyles(ForwardRef(ListItemIcon))>
              <Memo(MoveToInboxIcon) />
            </WithStyles(ForwardRef(ListItemIcon))>
            <WithStyles(ForwardRef(ListItemText))
              primary="Inbox"
              primaryTypographyProps={
                Object {
                  "color": "primary",
                  "variant": "body2",
                }
              }
            />
          </WithStyles(ForwardRef(ListItem))>
          <WithStyles(ForwardRef(ListItem))
            button={true}
          >
            <WithStyles(ForwardRef(ListItemIcon))>
              <Memo(DraftsIcon) />
            </WithStyles(ForwardRef(ListItemIcon))>
            <WithStyles(ForwardRef(ListItemText))
              primary="Drafts"
              primaryTypographyProps={
                Object {
                  "color": "primary",
                  "variant": "body2",
                }
              }
            />
          </WithStyles(ForwardRef(ListItem))>
          <WithStyles(ForwardRef(ListItem))
            button={true}
          >
            <WithStyles(ForwardRef(ListItemIcon))>
              <Memo(MoveToInboxIcon) />
            </WithStyles(ForwardRef(ListItemIcon))>
            <WithStyles(ForwardRef(ListItemText))
              primary="Inbox"
              primaryTypographyProps={
                Object {
                  "color": "primary",
                  "variant": "body2",
                }
              }
            />
          </WithStyles(ForwardRef(ListItem))>
          <WithStyles(ForwardRef(ListItem))
            button={true}
          >
            <WithStyles(ForwardRef(ListItemIcon))>
              <Memo(DraftsIcon) />
            </WithStyles(ForwardRef(ListItemIcon))>
            <WithStyles(ForwardRef(ListItemText))
              primary="Drafts"
              primaryTypographyProps={
                Object {
                  "color": "primary",
                  "variant": "body2",
                }
              }
            />
          </WithStyles(ForwardRef(ListItem))>
          <WithStyles(ForwardRef(ListItem))
            button={true}
          >
            <WithStyles(ForwardRef(ListItemIcon))>
              <Memo(MoveToInboxIcon) />
            </WithStyles(ForwardRef(ListItemIcon))>
            <WithStyles(ForwardRef(ListItemText))
              primary="Inbox"
              primaryTypographyProps={
                Object {
                  "color": "primary",
                  "variant": "body2",
                }
              }
            />
          </WithStyles(ForwardRef(ListItem))>
          <WithStyles(ForwardRef(ListItem))
            button={true}
          >
            <WithStyles(ForwardRef(ListItemIcon))>
              <Memo(DraftsIcon) />
            </WithStyles(ForwardRef(ListItemIcon))>
            <WithStyles(ForwardRef(ListItemText))
              primary="Drafts"
              primaryTypographyProps={
                Object {
                  "color": "primary",
                  "variant": "body2",
                }
              }
            />
          </WithStyles(ForwardRef(ListItem))>
          <WithStyles(ForwardRef(ListItem))
            button={true}
          >
            <WithStyles(ForwardRef(ListItemIcon))>
              <Memo(MoveToInboxIcon) />
            </WithStyles(ForwardRef(ListItemIcon))>
            <WithStyles(ForwardRef(ListItemText))
              primary="Inbox"
              primaryTypographyProps={
                Object {
                  "color": "primary",
                  "variant": "body2",
                }
              }
            />
          </WithStyles(ForwardRef(ListItem))>
        </WithStyles(ForwardRef(List))>
      </WithStyles(ForwardRef(Paper))>
    }
    currentDropdownValue="ONE"
    dropdownValues={
      Array [
        Object {
          "label": "ONE",
          "value": "ONE",
        },
        Object {
          "label": "TWO",
          "value": "TWO",
        },
        Object {
          "label": "THREE",
          "value": "THREE",
        },
        Object {
          "label": "FOUR",
          "value": "FOUR",
        },
        Object {
          "label": "FIVE",
          "value": "FIVE",
        },
        Object {
          "label": "SIX",
          "value": "SIX",
        },
      ]
    }
    hanbdleDropdownChange={[MockFunction]}
    minWidth={400}
    onBorderDrag={[MockFunction]}
    open={true}
    toggleDrawer={[MockFunction]}
    tooltipText="Hier kunt u andere type bomen selecteren. Druk op het menu links van deze knop en selecteer dan uw gewenste boom type."
    width={240}
  />
  <WithStyles(ForwardRef(Divider))
    absolute={true}
    classes={
      Object {
        "root": "makeStyles-resizeDivider-6 makeStyles-resizeDivider-12",
      }
    }
    data-qa="draggable-divider"
    draggable={true}
    light={true}
    onMouseDown={
      [MockFunction] {
        "calls": Array [
          Array [],
        ],
        "results": Array [
          Object {
            "type": "return",
            "value": undefined,
          },
        ],
      }
    }
    onTouchStart={
      [MockFunction] {
        "calls": Array [
          Array [],
        ],
        "results": Array [
          Object {
            "type": "return",
            "value": undefined,
          },
        ],
      }
    }
    orientation="vertical"
  />
  <Styled(MuiBox)
    component="div"
  >
    <WithStyles(ForwardRef(Paper))
      elevation={2}
    >
      <WithStyles(ForwardRef(List))>
        <WithStyles(ForwardRef(ListItem))
          button={true}
          key="0"
        >
          <WithStyles(ForwardRef(ListItemIcon))>
            <MoveToInboxIcon />
          </WithStyles(ForwardRef(ListItemIcon))>
          <WithStyles(ForwardRef(ListItemText))
            primary="Inbox"
            primaryTypographyProps={
              Object {
                "color": "primary",
                "variant": "body2",
              }
            }
          />
        </WithStyles(ForwardRef(ListItem))>
        <WithStyles(ForwardRef(ListItem))
          button={true}
          key="1"
        >
          <WithStyles(ForwardRef(ListItemIcon))>
            <DraftsIcon />
          </WithStyles(ForwardRef(ListItemIcon))>
          <WithStyles(ForwardRef(ListItemText))
            primary="Drafts"
            primaryTypographyProps={
              Object {
                "color": "primary",
                "variant": "body2",
              }
            }
          />
        </WithStyles(ForwardRef(ListItem))>
        <WithStyles(ForwardRef(ListItem))
          button={true}
          key="2"
        >
          <WithStyles(ForwardRef(ListItemIcon))>
            <MoveToInboxIcon />
          </WithStyles(ForwardRef(ListItemIcon))>
          <WithStyles(ForwardRef(ListItemText))
            primary="Inbox"
            primaryTypographyProps={
              Object {
                "color": "primary",
                "variant": "body2",
              }
            }
          />
        </WithStyles(ForwardRef(ListItem))>
        <WithStyles(ForwardRef(ListItem))
          button={true}
          key="3"
        >
          <WithStyles(ForwardRef(ListItemIcon))>
            <DraftsIcon />
          </WithStyles(ForwardRef(ListItemIcon))>
          <WithStyles(ForwardRef(ListItemText))
            primary="Drafts"
            primaryTypographyProps={
              Object {
                "color": "primary",
                "variant": "body2",
              }
            }
          />
        </WithStyles(ForwardRef(ListItem))>
        <WithStyles(ForwardRef(ListItem))
          button={true}
          key="4"
        >
          <WithStyles(ForwardRef(ListItemIcon))>
            <MoveToInboxIcon />
          </WithStyles(ForwardRef(ListItemIcon))>
          <WithStyles(ForwardRef(ListItemText))
            primary="Inbox"
            primaryTypographyProps={
              Object {
                "color": "primary",
                "variant": "body2",
              }
            }
          />
        </WithStyles(ForwardRef(ListItem))>
        <WithStyles(ForwardRef(ListItem))
          button={true}
          key="5"
        >
          <WithStyles(ForwardRef(ListItemIcon))>
            <DraftsIcon />
          </WithStyles(ForwardRef(ListItemIcon))>
          <WithStyles(ForwardRef(ListItemText))
            primary="Drafts"
            primaryTypographyProps={
              Object {
                "color": "primary",
                "variant": "body2",
              }
            }
          />
        </WithStyles(ForwardRef(ListItem))>
        <WithStyles(ForwardRef(ListItem))
          button={true}
          key="6"
        >
          <WithStyles(ForwardRef(ListItemIcon))>
            <MoveToInboxIcon />
          </WithStyles(ForwardRef(ListItemIcon))>
          <WithStyles(ForwardRef(ListItemText))
            primary="Inbox"
            primaryTypographyProps={
              Object {
                "color": "primary",
                "variant": "body2",
              }
            }
          />
        </WithStyles(ForwardRef(ListItem))>
        <WithStyles(ForwardRef(ListItem))
          button={true}
          key="7"
        >
          <WithStyles(ForwardRef(ListItemIcon))>
            <DraftsIcon />
          </WithStyles(ForwardRef(ListItemIcon))>
          <WithStyles(ForwardRef(ListItemText))
            primary="Drafts"
            primaryTypographyProps={
              Object {
                "color": "primary",
                "variant": "body2",
              }
            }
          />
        </WithStyles(ForwardRef(ListItem))>
        <WithStyles(ForwardRef(ListItem))
          button={true}
          key="8"
        >
          <WithStyles(ForwardRef(ListItemIcon))>
            <MoveToInboxIcon />
          </WithStyles(ForwardRef(ListItemIcon))>
          <WithStyles(ForwardRef(ListItemText))
            primary="Inbox"
            primaryTypographyProps={
              Object {
                "color": "primary",
                "variant": "body2",
              }
            }
          />
        </WithStyles(ForwardRef(ListItem))>
        <WithStyles(ForwardRef(ListItem))
          button={true}
          key="9"
        >
          <WithStyles(ForwardRef(ListItemIcon))>
            <DraftsIcon />
          </WithStyles(ForwardRef(ListItemIcon))>
          <WithStyles(ForwardRef(ListItemText))
            primary="Drafts"
            primaryTypographyProps={
              Object {
                "color": "primary",
                "variant": "body2",
              }
            }
          />
        </WithStyles(ForwardRef(ListItem))>
        <WithStyles(ForwardRef(ListItem))
          button={true}
          key="10"
        >
          <WithStyles(ForwardRef(ListItemIcon))>
            <MoveToInboxIcon />
          </WithStyles(ForwardRef(ListItemIcon))>
          <WithStyles(ForwardRef(ListItemText))
            primary="Inbox"
            primaryTypographyProps={
              Object {
                "color": "primary",
                "variant": "body2",
              }
            }
          />
        </WithStyles(ForwardRef(ListItem))>
        <WithStyles(ForwardRef(ListItem))
          button={true}
          key="11"
        >
          <WithStyles(ForwardRef(ListItemIcon))>
            <DraftsIcon />
          </WithStyles(ForwardRef(ListItemIcon))>
          <WithStyles(ForwardRef(ListItemText))
            primary="Drafts"
            primaryTypographyProps={
              Object {
                "color": "primary",
                "variant": "body2",
              }
            }
          />
        </WithStyles(ForwardRef(ListItem))>
        <WithStyles(ForwardRef(ListItem))
          button={true}
          key="12"
        >
          <WithStyles(ForwardRef(ListItemIcon))>
            <MoveToInboxIcon />
          </WithStyles(ForwardRef(ListItemIcon))>
          <WithStyles(ForwardRef(ListItemText))
            primary="Inbox"
            primaryTypographyProps={
              Object {
                "color": "primary",
                "variant": "body2",
              }
            }
          />
        </WithStyles(ForwardRef(ListItem))>
        <WithStyles(ForwardRef(ListItem))
          button={true}
          key="13"
        >
          <WithStyles(ForwardRef(ListItemIcon))>
            <DraftsIcon />
          </WithStyles(ForwardRef(ListItemIcon))>
          <WithStyles(ForwardRef(ListItemText))
            primary="Drafts"
            primaryTypographyProps={
              Object {
                "color": "primary",
                "variant": "body2",
              }
            }
          />
        </WithStyles(ForwardRef(ListItem))>
        <WithStyles(ForwardRef(ListItem))
          button={true}
          key="14"
        >
          <WithStyles(ForwardRef(ListItemIcon))>
            <MoveToInboxIcon />
          </WithStyles(ForwardRef(ListItemIcon))>
          <WithStyles(ForwardRef(ListItemText))
            primary="Inbox"
            primaryTypographyProps={
              Object {
                "color": "primary",
                "variant": "body2",
              }
            }
          />
        </WithStyles(ForwardRef(ListItem))>
        <WithStyles(ForwardRef(ListItem))
          button={true}
          key="15"
        >
          <WithStyles(ForwardRef(ListItemIcon))>
            <DraftsIcon />
          </WithStyles(ForwardRef(ListItemIcon))>
          <WithStyles(ForwardRef(ListItemText))
            primary="Drafts"
            primaryTypographyProps={
              Object {
                "color": "primary",
                "variant": "body2",
              }
            }
          />
        </WithStyles(ForwardRef(ListItem))>
        <WithStyles(ForwardRef(ListItem))
          button={true}
          key="16"
        >
          <WithStyles(ForwardRef(ListItemIcon))>
            <MoveToInboxIcon />
          </WithStyles(ForwardRef(ListItemIcon))>
          <WithStyles(ForwardRef(ListItemText))
            primary="Inbox"
            primaryTypographyProps={
              Object {
                "color": "primary",
                "variant": "body2",
              }
            }
          />
        </WithStyles(ForwardRef(ListItem))>
        <WithStyles(ForwardRef(ListItem))
          button={true}
          key="17"
        >
          <WithStyles(ForwardRef(ListItemIcon))>
            <DraftsIcon />
          </WithStyles(ForwardRef(ListItemIcon))>
          <WithStyles(ForwardRef(ListItemText))
            primary="Drafts"
            primaryTypographyProps={
              Object {
                "color": "primary",
                "variant": "body2",
              }
            }
          />
        </WithStyles(ForwardRef(ListItem))>
        <WithStyles(ForwardRef(ListItem))
          button={true}
          key="18"
        >
          <WithStyles(ForwardRef(ListItemIcon))>
            <MoveToInboxIcon />
          </WithStyles(ForwardRef(ListItemIcon))>
          <WithStyles(ForwardRef(ListItemText))
            primary="Inbox"
            primaryTypographyProps={
              Object {
                "color": "primary",
                "variant": "body2",
              }
            }
          />
        </WithStyles(ForwardRef(ListItem))>
        <WithStyles(ForwardRef(ListItem))
          button={true}
          key="19"
        >
          <WithStyles(ForwardRef(ListItemIcon))>
            <DraftsIcon />
          </WithStyles(ForwardRef(ListItemIcon))>
          <WithStyles(ForwardRef(ListItemText))
            primary="Drafts"
            primaryTypographyProps={
              Object {
                "color": "primary",
                "variant": "body2",
              }
            }
          />
        </WithStyles(ForwardRef(ListItem))>
        <WithStyles(ForwardRef(ListItem))
          button={true}
          key="20"
        >
          <WithStyles(ForwardRef(ListItemIcon))>
            <MoveToInboxIcon />
          </WithStyles(ForwardRef(ListItemIcon))>
          <WithStyles(ForwardRef(ListItemText))
            primary="Inbox"
            primaryTypographyProps={
              Object {
                "color": "primary",
                "variant": "body2",
              }
            }
          />
        </WithStyles(ForwardRef(ListItem))>
      </WithStyles(ForwardRef(List))>
    </WithStyles(ForwardRef(Paper))>
  </Styled(MuiBox)>
</WithStyles(ForwardRef(Drawer))>
`;
