// Jest Snapshot v1, https://goo.gl/fbAQLP

exports[`Snapshot Testing Required Props 1`] = `
<Fragment>
  <Trans
    i18nKey="test"
  />
  <em>
    <Trans
      i18nKey="test"
    />
  </em>
</Fragment>
`;
