// Jest Snapshot v1, https://goo.gl/fbAQLP

exports[`Snapshot Testing Required Props 1`] = `
<WithStyles(ForwardRef(FormControlLabel))
  classes={
    Object {
      "label": "label",
    }
  }
  control={
    <WithStyles(ForwardRef(Checkbox))
      checkedIcon={
        <Memo(CheckBoxIcon)
          fontSize="small"
        />
      }
      color="primary"
      icon={
        <Memo(CheckBoxOutlineBlankIcon)
          className="checkBox"
          fontSize="small"
        />
      }
      name="testCheckbox"
      onBlur={[MockFunction]}
      onChange={[MockFunction]}
      value="testCheckbox"
    />
  }
  label="testCheckbox"
/>
`;
