// Jest Snapshot v1, https://goo.gl/fbAQLP

exports[`Snapshot Testing Required Props 1`] = `
<FormikMaterialUIRadioGroup
  row={true}
>
  <WithStyles(ForwardRef(FormControlLabel))
    classes={
      Object {
        "label": "label",
      }
    }
    control={
      <ForwardRef(WithStyles)
        color="primary"
      />
    }
    key="0"
    label="John"
    labelPlacement="end"
    value="JOHN"
  />
  <WithStyles(ForwardRef(FormControlLabel))
    classes={
      Object {
        "label": "label",
      }
    }
    control={
      <ForwardRef(WithStyles)
        color="primary"
      />
    }
    key="1"
    label="Connor"
    labelPlacement="end"
    value="CONNOR"
  />
</FormikMaterialUIRadioGroup>
`;
