// Jest Snapshot v1, https://goo.gl/fbAQLP

exports[`Snapshot Testing Required Props 1`] = `
<Fragment>
  <WithStyles(ForwardRef(FormControl))
    fullWidth={true}
    variant="outlined"
  >
    <WithStyles(ForwardRef(InputLabel))
      classes={
        Object {
          "root": "inputLabel",
          "shrink": "inputLabelShrink",
        }
      }
      id="validated-select-menu-label"
      required={false}
    >
      label
    </WithStyles(ForwardRef(InputLabel))>
    <WithStyles(ForwardRef(Select))
      IconComponent={[Function]}
      autoFocus={false}
      className="select"
      displayEmpty={true}
      fullWidth={true}
      inputProps={
        Object {
          "classes": Object {
            "root": "input",
          },
        }
      }
      label="label"
      labelId="validated-select-menu-label"
      labelWidth={0}
      name=""
      required={false}
      type="text"
      value=""
    >
      <WithStyles(ForwardRef(MenuItem))
        classes={
          Object {
            "root": "menuItem",
            "selected": "menuItemSelected",
          }
        }
        key="1"
        value="one"
      >
        one
      </WithStyles(ForwardRef(MenuItem))>
      <WithStyles(ForwardRef(MenuItem))
        classes={
          Object {
            "root": "menuItem",
            "selected": "menuItemSelected",
          }
        }
        key="2"
        value="two"
      >
        two
      </WithStyles(ForwardRef(MenuItem))>
    </WithStyles(ForwardRef(Select))>
    <When
      condition={false}
    >
      <WithStyles(ForwardRef(FormHelperText))
        classes={
          Object {
            "root": "errorLabel",
          }
        }
        component="div"
      />
    </When>
  </WithStyles(ForwardRef(FormControl))>
</Fragment>
`;
