// Jest Snapshot v1, https://goo.gl/fbAQLP

exports[`should render as expected 1`] = `
<ForwardRef(Box)
  className="bar blue-bar"
  component="div"
>
  <p>
    child
  </p>
</ForwardRef(Box)>
`;
