// Jest Snapshot v1, https://goo.gl/fbAQLP

exports[`Content Testing should contain content 1`] = `<Component />`;

exports[`Snapshot Testing Required Props 1`] = `
<WithStyles(ForwardRef(Dialog))
  classes={
    Object {
      "root": "modal",
    }
  }
  data-qa="modal"
  disableBackdropClick={true}
  disableEscapeKeyDown={true}
  open={false}
>
  <WithStyles(ForwardRef(DialogTitle))
    className="title"
    data-qa="modal-title"
  >
    <WithStyles(ForwardRef(Grid))
      alignContent="flex-end"
      alignItems="flex-end"
      container={true}
      justify="space-between"
    >
      <WithStyles(ForwardRef(Grid))
        item={true}
      >
        Awesome Topic
      </WithStyles(ForwardRef(Grid))>
      <WithStyles(ForwardRef(Grid))
        classes={
          Object {
            "root": "closeIcon",
          }
        }
        item={true}
      >
        <WithStyles(ForwardRef(IconButton))
          color="primary"
          disableFocusRipple={true}
          disableRipple={true}
          disableTouchRipple={true}
          edge="end"
          onClick={[MockFunction]}
          size="small"
        >
          <CloseIcon
            classes={
              Object {
                "root": "closeIconSVG",
              }
            }
          />
        </WithStyles(ForwardRef(IconButton))>
      </WithStyles(ForwardRef(Grid))>
    </WithStyles(ForwardRef(Grid))>
  </WithStyles(ForwardRef(DialogTitle))>
  <WithStyles(ForwardRef(DialogContent))
    className="content"
    data-qa="modal-content"
  >
    <Component />
  </WithStyles(ForwardRef(DialogContent))>
</WithStyles(ForwardRef(Dialog))>
`;
