// Jest Snapshot v1, https://goo.gl/fbAQLP

exports[`UserInfo tests Snapshot Testing Required Props 1`] = `
<ForwardRef(Box)
  className="authInfo"
  component="div"
>
  <ForwardRef(Box)
    component="div"
    data-qa="logged-in-email"
  >
    <When
      condition={true}
    >
      <If
        condition={false}
      >
        <Then>
          <Memo()
            placement="top"
            title="externalId"
          >
            <ForwardRef(Typography)
              align="center"
              color="textPrimary"
              variant="subtitle2"
            >
              john.connor@rws.nl
            </ForwardRef(Typography)>
          </Memo()>
        </Then>
        <Else>
          <ForwardRef(Typography)
            align="center"
            color="textPrimary"
            variant="subtitle2"
          >
            john.connor@rws.nl
          </ForwardRef(Typography)>
        </Else>
      </If>
    </When>
  </ForwardRef(Box)>
  <ForwardRef(Button)
    className="relogin"
    data-qa="re-login-link"
    onClick={
      [MockFunction] {
        "calls": Array [
          Array [],
        ],
        "results": Array [
          Object {
            "type": "return",
            "value": undefined,
          },
        ],
      }
    }
    size="small"
  >
    <ForwardRef(Typography)
      align="center"
      color="textPrimary"
      variant="subtitle2"
    >
      relogin
    </ForwardRef(Typography)>
  </ForwardRef(Button)>
</ForwardRef(Box)>
`;
