// Jest Snapshot v1, https://goo.gl/fbAQLP

exports[`Snapshot Testing Optional Props 1`] = `
<Styled(MuiBox)
  style={
    Object {
      "alignItems": "center",
      "display": "flex",
    }
  }
>
  <Memo()
    data-qa="first-page-button"
    disabled={true}
    icon={<Memo(FirstPageIcon) />}
    onClick={[Function]}
  />
  <Memo()
    data-qa="previous-page-button"
    disabled={true}
    icon={<Memo(KeyboardArrowLeftIcon) />}
    onClick={[Function]}
  />
  <If
    condition={false}
  >
    <Then>
      <WithStyles(ForwardRef(Chip))
        className="activePageChip ie11ChipCorrection"
        color="primary"
        key="1"
        label={1}
        onClick={[Function]}
        variant="default"
      />
    </Then>
    <Else>
      <WithStyles(ForwardRef(Chip))
        className="activePageChip ie11ChipCorrection"
        color="primary"
        key="0"
        label={1}
        onClick={[Function]}
        variant="default"
      />
      <Styled(MuiBox)
        className="paginationNumbers"
        component="span"
        key="1"
        onClick={[Function]}
      >
        2
      </Styled(MuiBox)>
      <Styled(MuiBox)
        className="paginationNumbers"
        component="span"
        key="2"
        onClick={[Function]}
      >
        3
      </Styled(MuiBox)>
      <Styled(MuiBox)
        className="paginationNumbers"
        component="span"
        key="3"
        onClick={[Function]}
      >
        4
      </Styled(MuiBox)>
      <Styled(MuiBox)
        className="paginationNumbers"
        component="span"
        key="4"
        onClick={[Function]}
      >
        5
      </Styled(MuiBox)>
    </Else>
  </If>
  <Memo()
    data-qa="next-page-button"
    disabled={false}
    icon={<Memo(KeyboardArrowRightIcon) />}
    onClick={[Function]}
  />
  <Memo()
    data-qa="last-page-button"
    disabled={false}
    icon={<Memo(LastPageIcon) />}
    onClick={[Function]}
  />
</Styled(MuiBox)>
`;

exports[`Snapshot Testing Required Props 1`] = `
<Styled(MuiBox)
  style={
    Object {
      "alignItems": "center",
      "display": "flex",
    }
  }
>
  <Memo()
    data-qa="first-page-button"
    disabled={true}
    icon={<Memo(FirstPageIcon) />}
    onClick={[Function]}
  />
  <Memo()
    data-qa="previous-page-button"
    disabled={true}
    icon={<Memo(KeyboardArrowLeftIcon) />}
    onClick={[Function]}
  />
  <If
    condition={false}
  >
    <Then>
      <WithStyles(ForwardRef(Chip))
        className="activePageChip ie11ChipCorrection"
        color="primary"
        key="1"
        label={1}
        onClick={[Function]}
        variant="default"
      />
    </Then>
    <Else>
      <WithStyles(ForwardRef(Chip))
        className="activePageChip ie11ChipCorrection"
        color="primary"
        key="0"
        label={1}
        onClick={[Function]}
        variant="default"
      />
      <Styled(MuiBox)
        className="paginationNumbers"
        component="span"
        key="1"
        onClick={[Function]}
      >
        2
      </Styled(MuiBox)>
      <Styled(MuiBox)
        className="paginationNumbers"
        component="span"
        key="2"
        onClick={[Function]}
      >
        3
      </Styled(MuiBox)>
      <Styled(MuiBox)
        className="paginationNumbers"
        component="span"
        key="3"
        onClick={[Function]}
      >
        4
      </Styled(MuiBox)>
      <Styled(MuiBox)
        className="paginationNumbers"
        component="span"
        key="4"
        onClick={[Function]}
      >
        5
      </Styled(MuiBox)>
    </Else>
  </If>
  <Memo()
    data-qa="next-page-button"
    disabled={false}
    icon={<Memo(KeyboardArrowRightIcon) />}
    onClick={[Function]}
  />
  <Memo()
    data-qa="last-page-button"
    disabled={false}
    icon={<Memo(LastPageIcon) />}
    onClick={[Function]}
  />
</Styled(MuiBox)>
`;
